5 j0 IN q0 ARRIVE-VIA barista_wl.csv
5 j0 IN q0 ENTERS-SERVER 0
7 j1 IN q0 ARRIVE-VIA barista_wl.csv
9 j2 IN q0 ARRIVE-VIA barista_wl.csv
9 j0 IN q0 EXITS-SERVER 0
9 j0 IN q0 DEPART-VIA out.csv
9 j1 IN q0 ENTERS-SERVER 0
12 j3 IN q0 ARRIVE-VIA barista_wl.csv
15 j4 IN q0 ARRIVE-VIA barista_wl.csv
18 j5 IN q0 ARRIVE-VIA barista_wl.csv
19 j1 IN q0 EXITS-SERVER 0
19 j1 IN q0 DEPART-VIA out.csv
19 j2 IN q0 ENTERS-SERVER 0
22 j6 IN q0 ARRIVE-VIA barista_wl.csv
25 j7 IN q0 ARRIVE-VIA barista_wl.csv
29 j2 IN q0 EXITS-SERVER 0
29 j2 IN q0 DEPART-VIA out.csv
29 j3 IN q0 ENTERS-SERVER 0
30 j8 IN q0 ARRIVE-VIA barista_wl.csv
36 j9 IN q0 ARRIVE-VIA barista_wl.csv
39 j3 IN q0 EXITS-SERVER 0
39 j3 IN q0 DEPART-VIA out.csv
39 j4 IN q0 ENTERS-SERVER 0
40 j10 IN q0 ARRIVE-VIA barista_wl.csv
45 j11 IN q0 ARRIVE-VIA barista_wl.csv
49 j4 IN q0 EXITS-SERVER 0
49 j4 IN q0 DEPART-VIA out.csv
49 j5 IN q0 ENTERS-SERVER 0
51 j12 IN q0 ARRIVE-VIA barista_wl.csv
58 j13 IN q0 ARRIVE-VIA barista_wl.csv
59 j5 IN q0 EXITS-SERVER 0
59 j5 IN q0 DEPART-VIA out.csv
59 j6 IN q0 ENTERS-SERVER 0
63 j14 IN q0 ARRIVE-VIA barista_wl.csv
69 j6 IN q0 EXITS-SERVER 0
69 j6 IN q0 DEPART-VIA out.csv
69 j7 IN q0 ENTERS-SERVER 0
70 j15 IN q0 ARRIVE-VIA barista_wl.csv
78 j16 IN q0 ARRIVE-VIA barista_wl.csv
79 j7 IN q0 EXITS-SERVER 0
79 j7 IN q0 DEPART-VIA out.csv
79 j8 IN q0 ENTERS-SERVER 0
83 j17 IN q0 ARRIVE-VIA barista_wl.csv
89 j8 IN q0 EXITS-SERVER 0
89 j8 IN q0 DEPART-VIA out.csv
89 j9 IN q0 ENTERS-SERVER 0
90 j18 IN q0 ARRIVE-VIA barista_wl.csv
96 j19 IN q0 ARRIVE-VIA barista_wl.csv
99 j9 IN q0 EXITS-SERVER 0
99 j9 IN q0 DEPART-VIA out.csv
99 j10 IN q0 ENTERS-SERVER 0
103 j20 IN q0 ARRIVE-VIA barista_wl.csv
109 j10 IN q0 EXITS-SERVER 0
109 j10 IN q0 DEPART-VIA out.csv
109 j11 IN q0 ENTERS-SERVER 0
119 j11 IN q0 EXITS-SERVER 0
119 j11 IN q0 DEPART-VIA out.csv
119 j12 IN q0 ENTERS-SERVER 0
129 j12 IN q0 EXITS-SERVER 0
129 j12 IN q0 DEPART-VIA out.csv
129 j13 IN q0 ENTERS-SERVER 0
139 j13 IN q0 EXITS-SERVER 0
139 j13 IN q0 DEPART-VIA out.csv
139 j14 IN q0 ENTERS-SERVER 0
149 j14 IN q0 EXITS-SERVER 0
149 j14 IN q0 DEPART-VIA out.csv
149 j15 IN q0 ENTERS-SERVER 0
159 j15 IN q0 EXITS-SERVER 0
159 j15 IN q0 DEPART-VIA out.csv
159 j16 IN q0 ENTERS-SERVER 0
169 j16 IN q0 EXITS-SERVER 0
169 j16 IN q0 DEPART-VIA out.csv
169 j17 IN q0 ENTERS-SERVER 0
179 j17 IN q0 EXITS-SERVER 0
179 j17 IN q0 DEPART-VIA out.csv
179 j18 IN q0 ENTERS-SERVER 0
189 j18 IN q0 EXITS-SERVER 0
189 j18 IN q0 DEPART-VIA out.csv
189 j19 IN q0 ENTERS-SERVER 0
199 j19 IN q0 EXITS-SERVER 0
199 j19 IN q0 DEPART-VIA out.csv
199 j20 IN q0 ENTERS-SERVER 0
209 j20 IN q0 EXITS-SERVER 0
209 j20 IN q0 DEPART-VIA out.csv